// Jest Snapshot v1, https://goo.gl/fbAQLP

exports[`playerHandler PICK_SQUAD_MEMBER_REQUEST starts squad member pick 1`] = `
Array [
  "action",
  Object {
    "data": Array [
      anonymous {
        "country": "C:",
        "displayName": "Test user 1",
        "id": 1,
        "role": "SQUAD_MEMBER",
        "smallAvatarUrl": "https://www.gravatar.com/avatar/1?s=32&d=identicon&r=PG",
        "squad": 0,
        "steamId": "1",
        "team": 1,
      },
      anonymous {
        "country": "C:",
        "displayName": "Test user 2",
        "id": 2,
        "role": "SQUAD_MEMBER",
        "smallAvatarUrl": "https://www.gravatar.com/avatar/2?s=32&d=identicon&r=PG",
        "squad": 1,
        "steamId": "2",
        "team": 0,
      },
      anonymous {
        "country": "C:",
        "displayName": "Test user 3",
        "id": 3,
        "role": "SQUAD_MEMBER",
        "smallAvatarUrl": "https://www.gravatar.com/avatar/3?s=32&d=identicon&r=PG",
        "squad": 2,
        "steamId": "3",
        "team": 1,
      },
      anonymous {
        "country": "C:",
        "displayName": "Test user 4",
        "id": 4,
        "role": "SQUAD_MEMBER",
        "smallAvatarUrl": "https://www.gravatar.com/avatar/4?s=32&d=identicon&r=PG",
        "squad": 0,
        "steamId": "4",
        "team": 0,
      },
      anonymous {
        "country": "C:",
        "displayName": "Test user 5",
        "id": 5,
        "role": "SQUAD_MEMBER",
        "smallAvatarUrl": "https://www.gravatar.com/avatar/5?s=32&d=identicon&r=PG",
        "squad": 1,
        "steamId": "5",
        "team": 1,
      },
      anonymous {
        "country": "C:",
        "displayName": "Test user 6",
        "id": 6,
        "role": "SQUAD_MEMBER",
        "smallAvatarUrl": "https://www.gravatar.com/avatar/6?s=32&d=identicon&r=PG",
        "squad": 2,
        "steamId": "6",
        "team": 0,
      },
      anonymous {
        "country": "C:",
        "displayName": "Test user 7",
        "id": 7,
        "role": "SQUAD_MEMBER",
        "smallAvatarUrl": "https://www.gravatar.com/avatar/7?s=32&d=identicon&r=PG",
        "squad": 0,
        "steamId": "7",
        "team": 1,
      },
      anonymous {
        "country": "C:",
        "displayName": "Test user 8",
        "id": 8,
        "role": "SQUAD_MEMBER",
        "smallAvatarUrl": "https://www.gravatar.com/avatar/8?s=32&d=identicon&r=PG",
        "squad": 1,
        "steamId": "8",
        "team": 0,
      },
      anonymous {
        "country": "C:",
        "displayName": "Test user 9",
        "id": 9,
        "role": "SQUAD_MEMBER",
        "smallAvatarUrl": "https://www.gravatar.com/avatar/9?s=32&d=identicon&r=PG",
        "squad": 2,
        "steamId": "9",
        "team": 1,
      },
      anonymous {
        "country": "C:",
        "displayName": "Test user 10",
        "id": 10,
        "role": "SQUAD_MEMBER",
        "smallAvatarUrl": "https://www.gravatar.com/avatar/10?s=32&d=identicon&r=PG",
        "squad": 0,
        "steamId": "10",
        "team": 0,
      },
      anonymous {
        "country": "C:",
        "displayName": "Test user 11",
        "id": 11,
        "role": "SQUAD_MEMBER",
        "smallAvatarUrl": "https://www.gravatar.com/avatar/11?s=32&d=identicon&r=PG",
        "squad": 1,
        "steamId": "11",
        "team": 1,
      },
      anonymous {
        "country": "C:",
        "displayName": "Test user 12",
        "id": 12,
        "role": "SQUAD_MEMBER",
        "smallAvatarUrl": "https://www.gravatar.com/avatar/12?s=32&d=identicon&r=PG",
        "squad": 2,
        "steamId": "12",
        "team": 0,
      },
      anonymous {
        "country": "C:",
        "displayName": "Test user 13",
        "id": 13,
        "role": "SQUAD_MEMBER",
        "smallAvatarUrl": "https://www.gravatar.com/avatar/13?s=32&d=identicon&r=PG",
        "squad": 0,
        "steamId": "13",
        "team": 1,
      },
      anonymous {
        "country": "C:",
        "displayName": "Test user 14",
        "id": 14,
        "role": "SQUAD_MEMBER",
        "smallAvatarUrl": "https://www.gravatar.com/avatar/14?s=32&d=identicon&r=PG",
        "squad": 1,
        "steamId": "14",
        "team": 0,
      },
      anonymous {
        "country": "C:",
        "displayName": "Test user 15",
        "id": 15,
        "role": "SQUAD_MEMBER",
        "smallAvatarUrl": "https://www.gravatar.com/avatar/15?s=32&d=identicon&r=PG",
        "squad": 2,
        "steamId": "15",
        "team": 1,
      },
      anonymous {
        "country": "C:",
        "displayName": "Test user 16",
        "id": 16,
        "role": "SQUAD_MEMBER",
        "smallAvatarUrl": "https://www.gravatar.com/avatar/16?s=32&d=identicon&r=PG",
        "squad": 0,
        "steamId": "16",
        "team": 0,
      },
      anonymous {
        "country": "C:",
        "displayName": "Test user 17",
        "id": 17,
        "role": "SQUAD_MEMBER",
        "smallAvatarUrl": "https://www.gravatar.com/avatar/17?s=32&d=identicon&r=PG",
        "squad": 1,
        "steamId": "17",
        "team": 1,
      },
      anonymous {
        "country": "C:",
        "displayName": "Test user 18",
        "id": 18,
        "role": "SQUAD_MEMBER",
        "smallAvatarUrl": "https://www.gravatar.com/avatar/18?s=32&d=identicon&r=PG",
        "squad": 2,
        "steamId": "18",
        "team": 0,
      },
      anonymous {
        "country": "C:",
        "displayName": "Test user 19",
        "id": 19,
        "role": "SQUAD_MEMBER",
        "smallAvatarUrl": "https://www.gravatar.com/avatar/19?s=32&d=identicon&r=PG",
        "squad": 0,
        "steamId": "19",
        "team": 1,
      },
      anonymous {
        "country": "C:",
        "displayName": "Test user 20",
        "id": 20,
        "role": "SQUAD_MEMBER",
        "smallAvatarUrl": "https://www.gravatar.com/avatar/20?s=32&d=identicon&r=PG",
        "squad": 1,
        "steamId": "20",
        "team": 0,
      },
      anonymous {
        "country": "C:",
        "displayName": "Test user 21",
        "id": 21,
        "role": "SQUAD_MEMBER",
        "smallAvatarUrl": "https://www.gravatar.com/avatar/21?s=32&d=identicon&r=PG",
        "squad": 2,
        "steamId": "21",
        "team": 1,
      },
      anonymous {
        "country": "C:",
        "displayName": "Test user 22",
        "id": 22,
        "role": "SQUAD_MEMBER",
        "smallAvatarUrl": "https://www.gravatar.com/avatar/22?s=32&d=identicon&r=PG",
        "squad": 0,
        "steamId": "22",
        "team": 0,
      },
      anonymous {
        "country": "C:",
        "displayName": "Test user 23",
        "id": 23,
        "role": "SQUAD_MEMBER",
        "smallAvatarUrl": "https://www.gravatar.com/avatar/23?s=32&d=identicon&r=PG",
        "squad": 1,
        "steamId": "23",
        "team": 1,
      },
      anonymous {
        "country": "C:",
        "displayName": "Test user 24",
        "id": 24,
        "role": "SQUAD_MEMBER",
        "smallAvatarUrl": "https://www.gravatar.com/avatar/24?s=32&d=identicon&r=PG",
        "squad": 2,
        "steamId": "24",
        "team": 0,
      },
      anonymous {
        "country": "C:",
        "displayName": "Test user 25",
        "id": 25,
        "role": "SQUAD_MEMBER",
        "smallAvatarUrl": "https://www.gravatar.com/avatar/25?s=32&d=identicon&r=PG",
        "squad": 0,
        "steamId": "25",
        "team": 1,
      },
      anonymous {
        "country": "C:",
        "displayName": "Test user 26",
        "id": 26,
        "role": "SQUAD_MEMBER",
        "smallAvatarUrl": "https://www.gravatar.com/avatar/26?s=32&d=identicon&r=PG",
        "squad": 1,
        "steamId": "26",
        "team": 0,
      },
      anonymous {
        "country": "C:",
        "displayName": "Test user 27",
        "id": 27,
        "role": "SQUAD_MEMBER",
        "smallAvatarUrl": "https://www.gravatar.com/avatar/27?s=32&d=identicon&r=PG",
        "squad": 2,
        "steamId": "27",
        "team": 1,
      },
      anonymous {
        "country": "C:",
        "displayName": "Test user 28",
        "id": 28,
        "role": "SQUAD_MEMBER",
        "smallAvatarUrl": "https://www.gravatar.com/avatar/28?s=32&d=identicon&r=PG",
        "squad": 0,
        "steamId": "28",
        "team": 0,
      },
      anonymous {
        "country": "C:",
        "displayName": "Test user 29",
        "id": 29,
        "role": "SQUAD_MEMBER",
        "smallAvatarUrl": "https://www.gravatar.com/avatar/29?s=32&d=identicon&r=PG",
        "squad": 1,
        "steamId": "29",
        "team": 1,
      },
      anonymous {
        "country": "C:",
        "displayName": "Test user 30",
        "id": 30,
        "role": "SQUAD_MEMBER",
        "smallAvatarUrl": "https://www.gravatar.com/avatar/30?s=32&d=identicon&r=PG",
        "squad": 2,
        "steamId": "30",
        "team": 0,
      },
      anonymous {
        "country": "C:",
        "displayName": "Test user 31",
        "id": 31,
        "role": "SQUAD_MEMBER",
        "smallAvatarUrl": "https://www.gravatar.com/avatar/31?s=32&d=identicon&r=PG",
        "squad": 0,
        "steamId": "31",
        "team": 1,
      },
      anonymous {
        "country": "C:",
        "displayName": "Test user 32",
        "id": 32,
        "role": "SQUAD_MEMBER",
        "smallAvatarUrl": "https://www.gravatar.com/avatar/32?s=32&d=identicon&r=PG",
        "squad": 1,
        "steamId": "32",
        "team": 0,
      },
      anonymous {
        "country": "C:",
        "displayName": "Test user 33",
        "id": 33,
        "role": "SQUAD_MEMBER",
        "smallAvatarUrl": "https://www.gravatar.com/avatar/33?s=32&d=identicon&r=PG",
        "squad": 2,
        "steamId": "33",
        "team": 1,
      },
      anonymous {
        "country": "C:",
        "displayName": "Test user 34",
        "id": 34,
        "role": "SQUAD_MEMBER",
        "smallAvatarUrl": "https://www.gravatar.com/avatar/34?s=32&d=identicon&r=PG",
        "squad": 0,
        "steamId": "34",
        "team": 0,
      },
      anonymous {
        "country": "C:",
        "displayName": "Test user 35",
        "id": 35,
        "role": "SQUAD_MEMBER",
        "smallAvatarUrl": "https://www.gravatar.com/avatar/35?s=32&d=identicon&r=PG",
        "squad": 1,
        "steamId": "35",
        "team": 1,
      },
      anonymous {
        "country": "C:",
        "displayName": "Test user 36",
        "id": 36,
        "role": "SQUAD_MEMBER",
        "smallAvatarUrl": "https://www.gravatar.com/avatar/36?s=32&d=identicon&r=PG",
        "squad": 2,
        "steamId": "36",
        "team": 0,
      },
      anonymous {
        "country": "C:",
        "displayName": "Test user 37",
        "id": 37,
        "role": "SQUAD_MEMBER",
        "smallAvatarUrl": "https://www.gravatar.com/avatar/37?s=32&d=identicon&r=PG",
        "squad": 0,
        "steamId": "37",
        "team": 1,
      },
      anonymous {
        "country": "C:",
        "displayName": "Test user 38",
        "id": 38,
        "role": "SQUAD_MEMBER",
        "smallAvatarUrl": "https://www.gravatar.com/avatar/38?s=32&d=identicon&r=PG",
        "squad": 1,
        "steamId": "38",
        "team": 0,
      },
      anonymous {
        "country": "C:",
        "displayName": "Test user 39",
        "id": 39,
        "role": "SQUAD_MEMBER",
        "smallAvatarUrl": "https://www.gravatar.com/avatar/39?s=32&d=identicon&r=PG",
        "squad": 2,
        "steamId": "39",
        "team": 1,
      },
      anonymous {
        "country": "C:",
        "displayName": "Test user 40",
        "id": 40,
        "role": "SQUAD_MEMBER",
        "smallAvatarUrl": "https://www.gravatar.com/avatar/40?s=32&d=identicon&r=PG",
        "squad": 0,
        "steamId": "40",
        "team": 0,
      },
      anonymous {
        "country": "C:",
        "displayName": "Test user 41",
        "id": 41,
        "role": "SQUAD_MEMBER",
        "smallAvatarUrl": "https://www.gravatar.com/avatar/41?s=32&d=identicon&r=PG",
        "squad": 1,
        "steamId": "41",
        "team": 1,
      },
      anonymous {
        "country": "C:",
        "displayName": "Test user 42",
        "id": 42,
        "role": "SQUAD_MEMBER",
        "smallAvatarUrl": "https://www.gravatar.com/avatar/42?s=32&d=identicon&r=PG",
        "squad": 2,
        "steamId": "42",
        "team": 0,
      },
      anonymous {
        "country": "C:",
        "displayName": "Test user 43",
        "id": 43,
        "role": "SQUAD_MEMBER",
        "smallAvatarUrl": "https://www.gravatar.com/avatar/43?s=32&d=identicon&r=PG",
        "squad": 0,
        "steamId": "43",
        "team": 1,
      },
      anonymous {
        "country": "C:",
        "displayName": "Test user 44",
        "id": 44,
        "role": "SQUAD_MEMBER",
        "smallAvatarUrl": "https://www.gravatar.com/avatar/44?s=32&d=identicon&r=PG",
        "squad": 1,
        "steamId": "44",
        "team": 0,
      },
      anonymous {
        "country": "C:",
        "displayName": "Test user 45",
        "id": 45,
        "role": "SQUAD_MEMBER",
        "smallAvatarUrl": "https://www.gravatar.com/avatar/45?s=32&d=identicon&r=PG",
        "squad": 2,
        "steamId": "45",
        "team": 1,
      },
      anonymous {
        "country": "C:",
        "displayName": "Test user 46",
        "id": 46,
        "role": "SQUAD_MEMBER",
        "smallAvatarUrl": "https://www.gravatar.com/avatar/46?s=32&d=identicon&r=PG",
        "squad": 0,
        "steamId": "46",
        "team": 0,
      },
      anonymous {
        "country": "C:",
        "displayName": "Test user 47",
        "id": 47,
        "role": "SQUAD_MEMBER",
        "smallAvatarUrl": "https://www.gravatar.com/avatar/47?s=32&d=identicon&r=PG",
        "squad": 1,
        "steamId": "47",
        "team": 1,
      },
      anonymous {
        "country": "FI",
        "displayName": "Test user",
        "id": 49,
        "role": "CAPTAIN",
        "smallAvatarUrl": "http://avatar.test/small.jpg",
        "squad": 1,
        "steamId": "1",
        "team": 1,
      },
    ],
    "type": "GET_PLAYERS_SUCCESS",
  },
]
`;
