// Jest Snapshot v1, https://goo.gl/fbAQLP

exports[`PlayersList renders a player correctly 1`] = `
.c0 {
  font-size: 20px;
}

<div>
  <div
    className="c0"
  >
    Players waiting for a game
  </div>
  <div>
    <img
      alt="Test user"
      src="http://avatar.test/small.jpg"
    />
    Test user
     (
    FI
    )
  </div>
</div>
`;

exports[`PlayersList renders initial state correctly 1`] = `null`;
